***A***
LOCAL COMMITS:
 Commit 1:
  Offered htlcs: (0,1000000 msat) (1,2000000 msat)
  Received htlcs:
  Balance us: 997000000 msat
  Balance them: 1000000000 msat
  Fee rate: 10000
REMOTE COMMITS:
 Commit 1:
  Offered htlcs:
  Received htlcs: (0,1000000 msat) (1,2000000 msat)
  Balance us: 1000000000 msat
  Balance them: 997000000 msat
  Fee rate: 10000
***B***
LOCAL COMMITS:
 Commit 1:
  Offered htlcs:
  Received htlcs: (0,1000000 msat) (1,2000000 msat)
  Balance us: 1000000000 msat
  Balance them: 997000000 msat
  Fee rate: 10000
REMOTE COMMITS:
 Commit 1:
  Offered htlcs: (0,1000000 msat) (1,2000000 msat)
  Received htlcs:
  Balance us: 997000000 msat
  Balance them: 1000000000 msat
  Fee rate: 10000
