***A***
LOCAL COMMITS:
 Commit 1:
  Offered htlcs: (0,1000000)
  Received htlcs: (0,2000000)
  Balance us: 999000000
  Balance them: 998000000
  Fee rate: 10000
REMOTE COMMITS:
 Commit 2:
  Offered htlcs: (0,2000000)
  Received htlcs: (0,1000000)
  Balance us: 998000000
  Balance them: 999000000
  Fee rate: 10000
***B***
LOCAL COMMITS:
 Commit 2:
  Offered htlcs: (0,2000000)
  Received htlcs: (0,1000000)
  Balance us: 998000000
  Balance them: 999000000
  Fee rate: 10000
REMOTE COMMITS:
 Commit 1:
  Offered htlcs: (0,1000000)
  Received htlcs: (0,2000000)
  Balance us: 999000000
  Balance them: 998000000
  Fee rate: 10000
