***A***
LOCAL COMMITS:
 Commit 2:
  Offered htlcs: (0,1000000 msat)
  Received htlcs: (0,2000000 msat)
  Balance us: 999000000 msat
  Balance them: 998000000 msat
  Fee rate: 10000
REMOTE COMMITS:
 Commit 2:
  Offered htlcs: (0,2000000 msat)
  Received htlcs: (0,1000000 msat)
  Balance us: 998000000 msat
  Balance them: 999000000 msat
  Fee rate: 10000
***B***
LOCAL COMMITS:
 Commit 2:
  Offered htlcs: (0,2000000 msat)
  Received htlcs: (0,1000000 msat)
  Balance us: 998000000 msat
  Balance them: 999000000 msat
  Fee rate: 10000
REMOTE COMMITS:
 Commit 2:
  Offered htlcs: (0,1000000 msat)
  Received htlcs: (0,2000000 msat)
  Balance us: 999000000 msat
  Balance them: 998000000 msat
  Fee rate: 10000
