***A***
LOCAL COMMITS:
 Commit 1:
  Offered htlcs: (1,1000000)
  Received htlcs:
  Balance us: 999000000
  Balance them: 0
  Fee rate: 10000
REMOTE COMMITS:
 Commit 1:
  Offered htlcs:
  Received htlcs: (1,1000000)
  Balance us: 0
  Balance them: 999000000
  Fee rate: 10000
***B***
LOCAL COMMITS:
 Commit 1:
  Offered htlcs:
  Received htlcs: (1,1000000)
  Balance us: 0
  Balance them: 999000000
  Fee rate: 10000
REMOTE COMMITS:
 Commit 1:
  Offered htlcs: (1,1000000)
  Received htlcs:
  Balance us: 999000000
  Balance them: 0
  Fee rate: 10000
