***A***
LOCAL COMMITS:
 Commit 1:
  Offered htlcs: 1
  Received htlcs:
  SIGNED
REMOTE COMMITS:
 Commit 1:
  Offered htlcs:
  Received htlcs: 1
  SIGNED
***B***
LOCAL COMMITS:
 Commit 1:
  Offered htlcs:
  Received htlcs: 1
  SIGNED
REMOTE COMMITS:
 Commit 1:
  Offered htlcs: 1
  Received htlcs:
  SIGNED
