***A***
LOCAL COMMITS:
 Commit 2:
  Offered htlcs:
  Received htlcs:
  SIGNED
REMOTE COMMITS:
 Commit 2:
  Offered htlcs:
  Received htlcs:
  SIGNED
***B***
LOCAL COMMITS:
 Commit 2:
  Offered htlcs:
  Received htlcs:
  SIGNED
REMOTE COMMITS:
 Commit 2:
  Offered htlcs:
  Received htlcs:
  SIGNED
