***A***
LOCAL COMMITS:
 Commit 1:
  Offered htlcs: 1
  Received htlcs: 2
  SIGNED
REMOTE COMMITS:
 Commit 2:
  Offered htlcs: 2
  Received htlcs: 1
  SIGNED
***B***
LOCAL COMMITS:
 Commit 2:
  Offered htlcs: 2
  Received htlcs: 1
  SIGNED
REMOTE COMMITS:
 Commit 1:
  Offered htlcs: 1
  Received htlcs: 2
  SIGNED
